No files changed, compilation skipped

Ran 20 tests for test/GUAToken.t.sol:GUATokenTest
[PASS] test_AdminCanGrantRole() (gas: 46605)
[PASS] test_AdminCanRevokeRole() (gas: 26893)
[PASS] test_AdminCanUpgrade() (gas: 1220801)
[PASS] test_AdminCannotMintWithoutMinterRole() (gas: 18167)
[PASS] test_AdminHasDefaultAdminRole() (gas: 18988)
[PASS] test_ApproveAndTransferFrom() (gas: 112894)
[PASS] test_CannotInitializeTwice() (gas: 17941)
[PASS] test_ImplementationCannotBeInitialized() (gas: 12941)
[PASS] test_InitialTotalSupplyIsZero() (gas: 15454)
[PASS] test_MintMultipleTimes() (gas: 101581)
[PASS] test_MinterCanMint() (gas: 70480)
[PASS] test_MinterHasMinterRole() (gas: 19052)
[PASS] test_NonAdminCannotUpgrade() (gas: 1220991)
[PASS] test_NonMinterCannotMint() (gas: 32850)
[PASS] test_TokenDecimals() (gas: 13346)
[PASS] test_TokenName() (gas: 17446)
[PASS] test_TokenSymbol() (gas: 17513)
[PASS] test_Transfer() (gas: 80013)
[PASS] test_TransferFromInsufficientAllowance() (gas: 98352)
[PASS] test_TransferInsufficientBalance() (gas: 71582)
Suite result: ok. 20 passed; 0 failed; 0 skipped; finished in 4.55ms (9.91ms CPU time)

Ran 17 tests for test/MerkleAirdrop.t.sol:MerkleAirdropTest
[PASS] test_CanClaimAgainAfterRootUpdate() (gas: 138703)
[PASS] test_CannotInitializeTwice() (gas: 20151)
[PASS] test_ClaimBeforeRootSetReverts() (gas: 2526355)
[PASS] test_ClaimSuccess() (gas: 126435)
[PASS] test_ClaimSuccessWithTwoNodes() (gas: 192028)
[PASS] test_ClaimWithZeroAddressReverts() (gas: 18259)
[PASS] test_ClaimWithZeroAmountReverts() (gas: 16145)
[PASS] test_DoubleClaimReverts() (gas: 125168)
[PASS] test_InvalidAddressReverts() (gas: 38074)
[PASS] test_InvalidAmountReverts() (gas: 36095)
[PASS] test_InvalidProofReverts() (gas: 36466)
[PASS] test_NonOwnerCannotSetMerkleRoot() (gas: 28205)
[PASS] test_NonOwnerCannotUpgrade() (gas: 948863)
[PASS] test_OldRootProofInvalidAfterUpdate() (gas: 42238)
[PASS] test_OwnerCanSetMerkleRoot() (gas: 32423)
[PASS] test_OwnerCanUpgrade() (gas: 948797)
[PASS] test_RootUpdateAllowsNewClaims() (gas: 196749)
Suite result: ok. 17 passed; 0 failed; 0 skipped; finished in 4.73ms (6.73ms CPU time)

Ran 38 tests for test/TopicBountyEscrow.t.sol:TopicBountyEscrowTest
[PASS] test_CannotInitializeTwice() (gas: 22424)
[PASS] test_ChallengeDeliveryCannotRepeat() (gas: 661375)
[PASS] test_ChallengeDeliverySuccess() (gas: 667030)
[PASS] test_ChallengeDeliveryWindowClosedReverts() (gas: 651395)
[PASS] test_ConfirmWinnerCannotRepeat() (gas: 510857)
[PASS] test_ConfirmWinnerPays10() (gas: 499852)
[PASS] test_ConfirmWinnerRequiresFinalized() (gas: 202768)
[PASS] test_CreateProposalRejectsInvalidOwner() (gas: 125800)
[PASS] test_CreateProposalRejectsInvalidTopicCount() (gas: 23502)
[PASS] test_CreateProposalRejectsInvalidWindow() (gas: 25855)
[PASS] test_CreateProposalStoresData() (gas: 202497)
[PASS] test_ExpireIfNoSubmissionBeforeDeadlineReverts() (gas: 511272)
[PASS] test_ExpireIfNoSubmissionTransfersToTreasury() (gas: 539862)
[PASS] test_FinalizeDeliveryBeforeWindowReverts() (gas: 597802)
[PASS] test_FinalizeDeliveryPaysRemaining90() (gas: 599297)
[PASS] test_FinalizeVotingBeforeEndReverts() (gas: 180422)
[PASS] test_FinalizeVotingCannotRepeat() (gas: 399416)
[PASS] test_FinalizeVotingTieUsesLowestTopicId() (gas: 493084)
[PASS] test_NonOwnerCannotConfirmWinner() (gas: 399491)
[PASS] test_NonOwnerCannotCreateProposal() (gas: 23920)
[PASS] test_NonOwnerCannotUpgrade() (gas: 2981213)
[PASS] test_OwnerCanUpgrade() (gas: 2981107)
[PASS] test_PauseBlocksCreateProposal() (gas: 49609)
[PASS] test_PauseBlocksStakeVote() (gas: 290043)
[PASS] test_ResolveDisputeApprovePaysWinnerAndTreasury() (gas: 721229)
[PASS] test_ResolveDisputeDenyPaysTreasuryAndChallenger() (gas: 758325)
[PASS] test_ResolveDisputeDenyRevertsWhenAllowanceInsufficient() (gas: 668642)
[PASS] test_ResolveDisputeOnlyOwner() (gas: 661115)
[PASS] test_SetTreasuryNonOwnerReverts() (gas: 18200)
[PASS] test_SetTreasurySuccess() (gas: 23664)
[PASS] test_SetTreasuryZeroAddressReverts() (gas: 15862)
[PASS] test_StakeVoteInsufficientAllowanceReverts() (gas: 270473)
[PASS] test_StakeVoteOutsideWindowReverts() (gas: 291202)
[PASS] test_StakeVoteSuccess() (gas: 351004)
[PASS] test_SubmitDeliveryRejectsNonWinner() (gas: 511800)
[PASS] test_SubmitDeliveryRejectsRepeated() (gas: 617299)
[PASS] test_SubmitDeliverySuccess() (gas: 603034)
[PASS] test_UnpauseAllowsActions() (gas: 186469)
Suite result: ok. 38 passed; 0 failed; 0 skipped; finished in 4.74ms (16.39ms CPU time)

Ran 3 test suites in 12.99ms (14.02ms CPU time): 75 tests passed, 0 failed, 0 skipped (75 total tests)
